[     121ms] [LOG] [Fast Refresh] rebuilding @ http://localhost:3000/_next/static/chunks/0l5p_next_dist_000c9nm._.js:2431
[     136ms] [LOG] [Fast Refresh] done in 115ms @ http://localhost:3000/_next/static/chunks/0l5p_next_dist_000c9nm._.js:2431
[     325ms] [INFO] %cDownload the React DevTools for a better development experience: https://react.dev/link/react-devtools font-weight:bold @ http://localhost:3000/_next/static/chunks/0l5p_next_dist_000c9nm._.js:2431
[     347ms] [LOG] [HMR] connected @ http://localhost:3000/_next/static/chunks/0l5p_next_dist_000c9nm._.js:2431
[     360ms] [ERROR] %c%s%c Only plain objects can be passed to Client Components from Server Components. %s objects are not supported.%s background: #e6e6e6;background: light-dark(rgba(0,0,0,0.1), rgba(255,255,255,0.25));color: #000000;color: light-dark(#000000, #ffffff);border-radius: 2px  Server   Decimal 
  {id: ..., name: ..., address: Null, status: ..., revenueToday: Decimal, stockTotal: ..., outOfStockCount: ..., lowStockCount: ..., managersCount: ..., hasOpenShift: ...}
                                                                 ^^^^^^^ @ http://localhost:3000/_next/static/chunks/0l5p_next_dist_000c9nm._.js:3272
[     360ms] [ERROR] %c%s%c Only plain objects can be passed to Client Components from Server Components. %s objects are not supported.%s background: #e6e6e6;background: light-dark(rgba(0,0,0,0.1), rgba(255,255,255,0.25));color: #000000;color: light-dark(#000000, #ffffff);border-radius: 2px  Server   Decimal 
  {id: ..., name: ..., address: Null, status: ..., revenueToday: ..., stockTotal: Decimal, outOfStockCount: ..., lowStockCount: ..., managersCount: ..., hasOpenShift: ...}
                                                                                  ^^^^^^^ @ http://localhost:3000/_next/static/chunks/0l5p_next_dist_000c9nm._.js:3272
[   12110ms] [WARNING] Warning: Missing `Description` or `aria-describedby={undefined}` for {DialogContent}. @ http://localhost:3000/_next/static/chunks/0l5p_next_dist_000c9nm._.js:2431
[   12116ms] [WARNING] Warning: Missing `Description` or `aria-describedby={undefined}` for {DialogContent}. @ http://localhost:3000/_next/static/chunks/0l5p_next_dist_000c9nm._.js:2431
[   88996ms] [WARNING] Warning: Missing `Description` or `aria-describedby={undefined}` for {DialogContent}. @ http://localhost:3000/_next/static/chunks/0l5p_next_dist_000c9nm._.js:2431
[   88998ms] [WARNING] Warning: Missing `Description` or `aria-describedby={undefined}` for {DialogContent}. @ http://localhost:3000/_next/static/chunks/0l5p_next_dist_000c9nm._.js:2431
[   90555ms] [WARNING] Warning: Missing `Description` or `aria-describedby={undefined}` for {DialogContent}. @ http://localhost:3000/_next/static/chunks/0l5p_next_dist_000c9nm._.js:2431
[   90557ms] [WARNING] Warning: Missing `Description` or `aria-describedby={undefined}` for {DialogContent}. @ http://localhost:3000/_next/static/chunks/0l5p_next_dist_000c9nm._.js:2431
[  397193ms] [LOG] [Fast Refresh] rebuilding @ http://localhost:3000/_next/static/chunks/0l5p_next_dist_000c9nm._.js:2431
[  397233ms] [LOG] [Fast Refresh] done in 66ms @ http://localhost:3000/_next/static/chunks/0l5p_next_dist_000c9nm._.js:2431
[  397429ms] [LOG] [Fast Refresh] rebuilding @ http://localhost:3000/_next/static/chunks/0l5p_next_dist_000c9nm._.js:2431
[  397615ms] [LOG] [Fast Refresh] done in 288ms @ http://localhost:3000/_next/static/chunks/0l5p_next_dist_000c9nm._.js:2431
[  397740ms] [LOG] [Fast Refresh] rebuilding @ http://localhost:3000/_next/static/chunks/0l5p_next_dist_000c9nm._.js:2431
[  397746ms] [LOG] [Fast Refresh] done in 108ms @ http://localhost:3000/_next/static/chunks/0l5p_next_dist_000c9nm._.js:2431
[  398373ms] [LOG] [Fast Refresh] rebuilding @ http://localhost:3000/_next/static/chunks/0l5p_next_dist_000c9nm._.js:2431
[  398420ms] [LOG] [Fast Refresh] done in 147ms @ http://localhost:3000/_next/static/chunks/0l5p_next_dist_000c9nm._.js:2431
[  398718ms] [ERROR] %o

%s ReferenceError: Decimal is not defined
    at <anonymous> (about://React/Server/D:%5Cdevelopments%5Cshop-manager%5Capps%5Cmanager%5C.next%5Cdev%5Cserver%5Cchunks%5Cssr%5C%5Broot-of-the-server%5D__04923~u._.js?41:2910:55)
    at Array.map (<anonymous>:1:18)
    at getShopsWithStats (about://React/Server/D:%5Cdevelopments%5Cshop-manager%5Capps%5Cmanager%5C.next%5Cdev%5Cserver%5Cchunks%5Cssr%5C%5Broot-of-the-server%5D__04923~u._.js?42:2905:19)
    at  ShopsPage (about://React/Server/D:%5Cdevelopments%5Cshop-manager%5Capps%5Cmanager%5C.next%5Cdev%5Cserver%5Cchunks%5Cssr%5C%5Broot-of-the-server%5D__05rlint._.js?43:93:19)
    at resolveErrorDev (http://localhost:3000/_next/static/chunks/0l5p_next_dist_compiled_react-server-dom-turbopack_13s.sc~._.js:1919:150)
    at processFullStringRow (http://localhost:3000/_next/static/chunks/0l5p_next_dist_compiled_react-server-dom-turbopack_13s.sc~._.js:2434:29)
    at processFullBinaryRow (http://localhost:3000/_next/static/chunks/0l5p_next_dist_compiled_react-server-dom-turbopack_13s.sc~._.js:2393:9)
    at processBinaryChunk (http://localhost:3000/_next/static/chunks/0l5p_next_dist_compiled_react-server-dom-turbopack_13s.sc~._.js:2502:221)
    at progress (http://localhost:3000/_next/static/chunks/0l5p_next_dist_compiled_react-server-dom-turbopack_13s.sc~._.js:2689:13) The above error occurred in the <ShopsPage> component. It was handled by the <ErrorBoundaryHandler> error boundary. @ http://localhost:3000/_next/static/chunks/0l5p_next_dist_client_0ob5ckv._.js:1998
[  417422ms] [LOG] [Fast Refresh] rebuilding @ http://localhost:3000/_next/static/chunks/0l5p_next_dist_000c9nm._.js:2431
[  417462ms] [LOG] [Fast Refresh] done in 47ms @ http://localhost:3000/_next/static/chunks/0l5p_next_dist_000c9nm._.js:2431
[  417634ms] [LOG] [Fast Refresh] rebuilding @ http://localhost:3000/_next/static/chunks/0l5p_next_dist_000c9nm._.js:2431
[  417838ms] [LOG] [Fast Refresh] done in 307ms @ http://localhost:3000/_next/static/chunks/0l5p_next_dist_000c9nm._.js:2431
[  418265ms] [LOG] [Fast Refresh] rebuilding @ http://localhost:3000/_next/static/chunks/0l5p_next_dist_000c9nm._.js:2431
[  418278ms] [LOG] [Fast Refresh] done in 113ms @ http://localhost:3000/_next/static/chunks/0l5p_next_dist_000c9nm._.js:2431
[  418476ms] [LOG] [Fast Refresh] rebuilding @ http://localhost:3000/_next/static/chunks/0l5p_next_dist_000c9nm._.js:2431
[  418477ms] [LOG] [Fast Refresh] done in 105ms @ http://localhost:3000/_next/static/chunks/0l5p_next_dist_000c9nm._.js:2431
[  426320ms] [LOG] [Fast Refresh] rebuilding @ http://localhost:3000/_next/static/chunks/0l5p_next_dist_000c9nm._.js:2431
[  426360ms] [LOG] [Fast Refresh] done in 36ms @ http://localhost:3000/_next/static/chunks/0l5p_next_dist_000c9nm._.js:2431
[  426527ms] [LOG] [Fast Refresh] rebuilding @ http://localhost:3000/_next/static/chunks/0l5p_next_dist_000c9nm._.js:2431
[  426729ms] [LOG] [Fast Refresh] done in 310ms @ http://localhost:3000/_next/static/chunks/0l5p_next_dist_000c9nm._.js:2431
[  437995ms] [LOG] [Fast Refresh] rebuilding @ http://localhost:3000/_next/static/chunks/0l5p_next_dist_000c9nm._.js:2431
[  438044ms] [LOG] [Fast Refresh] done in 149ms @ http://localhost:3000/_next/static/chunks/0l5p_next_dist_000c9nm._.js:2431
