[     126ms] [LOG] [Fast Refresh] rebuilding @ http://localhost:3000/_next/static/chunks/0l5p_next_dist_000c9nm._.js:2431
[     195ms] [LOG] [Fast Refresh] done in 171ms @ http://localhost:3000/_next/static/chunks/0l5p_next_dist_000c9nm._.js:2431
[     425ms] [INFO] %cDownload the React DevTools for a better development experience: https://react.dev/link/react-devtools font-weight:bold @ http://localhost:3000/_next/static/chunks/0l5p_next_dist_000c9nm._.js:2431
[     445ms] [LOG] [HMR] connected @ http://localhost:3000/_next/static/chunks/0l5p_next_dist_000c9nm._.js:2431
[    3403ms] [WARNING] Warning: Missing `Description` or `aria-describedby={undefined}` for {DialogContent}. @ http://localhost:3000/_next/static/chunks/0l5p_next_dist_000c9nm._.js:2431
[    3405ms] [WARNING] Warning: Missing `Description` or `aria-describedby={undefined}` for {DialogContent}. @ http://localhost:3000/_next/static/chunks/0l5p_next_dist_000c9nm._.js:2431
[   12725ms] [INFO] %cDownload the React DevTools for a better development experience: https://react.dev/link/react-devtools font-weight:bold @ http://localhost:3000/_next/static/chunks/0l5p_next_dist_000c9nm._.js:2431
[   12743ms] [LOG] [HMR] connected @ http://localhost:3000/_next/static/chunks/0l5p_next_dist_000c9nm._.js:2431
[   26687ms] [WARNING] Warning: Missing `Description` or `aria-describedby={undefined}` for {DialogContent}. @ http://localhost:3000/_next/static/chunks/0l5p_next_dist_000c9nm._.js:2431
[   26690ms] [WARNING] Warning: Missing `Description` or `aria-describedby={undefined}` for {DialogContent}. @ http://localhost:3000/_next/static/chunks/0l5p_next_dist_000c9nm._.js:2431
[   40754ms] [WARNING] Warning: Missing `Description` or `aria-describedby={undefined}` for {DialogContent}. @ http://localhost:3000/_next/static/chunks/0l5p_next_dist_000c9nm._.js:2431
[   40758ms] [WARNING] Warning: Missing `Description` or `aria-describedby={undefined}` for {DialogContent}. @ http://localhost:3000/_next/static/chunks/0l5p_next_dist_000c9nm._.js:2431
[   60918ms] [INFO] %cDownload the React DevTools for a better development experience: https://react.dev/link/react-devtools font-weight:bold @ http://localhost:3000/_next/static/chunks/0l5p_next_dist_000c9nm._.js:2431
[   60942ms] [LOG] [HMR] connected @ http://localhost:3000/_next/static/chunks/0l5p_next_dist_000c9nm._.js:2431
[   69466ms] [WARNING] Warning: Missing `Description` or `aria-describedby={undefined}` for {DialogContent}. @ http://localhost:3000/_next/static/chunks/0l5p_next_dist_000c9nm._.js:2431
[   69468ms] [WARNING] Warning: Missing `Description` or `aria-describedby={undefined}` for {DialogContent}. @ http://localhost:3000/_next/static/chunks/0l5p_next_dist_000c9nm._.js:2431
[  210051ms] [LOG] [Fast Refresh] rebuilding @ http://localhost:3000/_next/static/chunks/0l5p_next_dist_000c9nm._.js:2431
[  210133ms] [LOG] [Fast Refresh] done in 179ms @ http://localhost:3000/_next/static/chunks/0l5p_next_dist_000c9nm._.js:2431
[  215119ms] [INFO] %cDownload the React DevTools for a better development experience: https://react.dev/link/react-devtools font-weight:bold @ http://localhost:3000/_next/static/chunks/0l5p_next_dist_000c9nm._.js:2431
[  215192ms] [LOG] [HMR] connected @ http://localhost:3000/_next/static/chunks/0l5p_next_dist_000c9nm._.js:2431
[  227530ms] [WARNING] Warning: Missing `Description` or `aria-describedby={undefined}` for {DialogContent}. @ http://localhost:3000/_next/static/chunks/0l5p_next_dist_000c9nm._.js:2431
[  227534ms] [WARNING] Warning: Missing `Description` or `aria-describedby={undefined}` for {DialogContent}. @ http://localhost:3000/_next/static/chunks/0l5p_next_dist_000c9nm._.js:2431
[  461825ms] [LOG] [Fast Refresh] rebuilding @ http://localhost:3000/_next/static/chunks/0l5p_next_dist_000c9nm._.js:2431
[  461830ms] [LOG] [Fast Refresh] done in 112ms @ http://localhost:3000/_next/static/chunks/0l5p_next_dist_000c9nm._.js:2431
[  512502ms] [LOG] [Fast Refresh] rebuilding @ http://localhost:3000/_next/static/chunks/0l5p_next_dist_000c9nm._.js:2431
[  512505ms] [LOG] [Fast Refresh] done in 116ms @ http://localhost:3000/_next/static/chunks/0l5p_next_dist_000c9nm._.js:2431
[  595612ms] [ERROR] WebSocket connection to 'ws://localhost:3000/_next/webpack-hmr?id=HbvrQVjzqpAdA8o_DZwy1' failed: Error in connection establishment: net::ERR_CONNECTION_REFUSED @ http://localhost:3000/_next/static/chunks/0l5p_next_dist_client_0ob5ckv._.js:13299
[  598959ms] [ERROR] WebSocket connection to 'ws://localhost:3000/_next/webpack-hmr?id=HbvrQVjzqpAdA8o_DZwy1' failed: Error in connection establishment: net::ERR_CONNECTION_REFUSED @ http://localhost:3000/_next/static/chunks/0l5p_next_dist_client_0ob5ckv._.js:13299
[  602315ms] [ERROR] WebSocket connection to 'ws://localhost:3000/_next/webpack-hmr?id=HbvrQVjzqpAdA8o_DZwy1' failed: Error in connection establishment: net::ERR_CONNECTION_REFUSED @ http://localhost:3000/_next/static/chunks/0l5p_next_dist_client_0ob5ckv._.js:13299
[  605671ms] [ERROR] WebSocket connection to 'ws://localhost:3000/_next/webpack-hmr?id=HbvrQVjzqpAdA8o_DZwy1' failed: Error in connection establishment: net::ERR_CONNECTION_REFUSED @ http://localhost:3000/_next/static/chunks/0l5p_next_dist_client_0ob5ckv._.js:13299
[  609030ms] [ERROR] WebSocket connection to 'ws://localhost:3000/_next/webpack-hmr?id=HbvrQVjzqpAdA8o_DZwy1' failed: Error in connection establishment: net::ERR_CONNECTION_REFUSED @ http://localhost:3000/_next/static/chunks/0l5p_next_dist_client_0ob5ckv._.js:13299
